#-----------------------------------------------------------
# Vivado v2018.2 (64-bit)
# SW Build 2258646 on Thu Jun 14 20:03:12 MDT 2018
# IP Build 2256618 on Thu Jun 14 22:10:49 MDT 2018
# Start of session at: Mon Apr 17 09:59:07 2023
# Process ID: 7688
# Current directory: C:/Users/Administrator/Documents/project_10blaze
# Command line: vivado.exe -gui_launcher_event rodinguilauncherevent864 C:\Users\Administrator\Documents\project_10blaze\project_10blaze.xpr
# Log file: C:/Users/Administrator/Documents/project_10blaze/vivado.log
# Journal file: C:/Users/Administrator/Documents/project_10blaze\vivado.jou
#-----------------------------------------------------------
start_gui
open_project C:/Users/Administrator/Documents/project_10blaze/project_10blaze.xpr
update_compile_order -fileset sources_1
launch_sdk -workspace C:/Users/Administrator/Documents/project_10blaze/project_10blaze.sdk -hwspec C:/Users/Administrator/Documents/project_10blaze/project_10blaze.sdk/microblazeblock_wrapper.hdf
open_run synth_1 -name synth_1
report_timing_summary -delay_type min_max -report_unconstrained -check_timing_verbose -max_paths 10 -input_pins -routable_nets -name timing_1
